Archive member included to satisfy reference by file (symbol)

c:/program files (x86)/microchip/xc8/v2.05/avr/bin/../lib/gcc/avr/5.4.0/avrxmega3/short-calls\libgcc.a(_udivmodsi4.o)
                              build/default/production/main.o (__udivmodsi4)
c:/program files (x86)/microchip/xc8/v2.05/avr/bin/../lib/gcc/avr/5.4.0/avrxmega3/short-calls\libgcc.a(_exit.o)
                              C:/Program Files (x86)/Microchip/xc8/v2.05/dfp/gcc/dev/attiny412/avrxmega3/short-calls/crtattiny412.o (exit)
c:/program files (x86)/microchip/xc8/v2.05/avr/bin/../lib/gcc/avr/5.4.0/avrxmega3/short-calls\libgcc.a(_copy_data.o)
                              build/default/production/main.o (__do_clear_bss)

Allocating common symbols
Common symbol       size              file

_division           0x2               build/default/production/main.o
_tracks             0x78              build/default/production/main.o
_tempo              0x4               build/default/production/main.o
_input1Counts       0x1               build/default/production/main.o
_input0Counts       0x1               build/default/production/main.o
_statusFlags        0x1               build/default/production/main.o

Discarded input sections

 .data          0x00000000        0x0 C:/Program Files (x86)/Microchip/xc8/v2.05/dfp/gcc/dev/attiny412/avrxmega3/short-calls/crtattiny412.o
 .bss           0x00000000        0x0 C:/Program Files (x86)/Microchip/xc8/v2.05/dfp/gcc/dev/attiny412/avrxmega3/short-calls/crtattiny412.o
 .text          0x00000000        0x0 build/default/production/main.o
 .data          0x00000000        0x0 build/default/production/main.o
 .bss           0x00000000        0x0 build/default/production/main.o
 .text          0x00000000        0x0 c:/program files (x86)/microchip/xc8/v2.05/avr/bin/../lib/gcc/avr/5.4.0/avrxmega3/short-calls\libgcc.a(_udivmodsi4.o)
 .data          0x00000000        0x0 c:/program files (x86)/microchip/xc8/v2.05/avr/bin/../lib/gcc/avr/5.4.0/avrxmega3/short-calls\libgcc.a(_udivmodsi4.o)
 .bss           0x00000000        0x0 c:/program files (x86)/microchip/xc8/v2.05/avr/bin/../lib/gcc/avr/5.4.0/avrxmega3/short-calls\libgcc.a(_udivmodsi4.o)
 .text.libgcc.mul
                0x00000000        0x0 c:/program files (x86)/microchip/xc8/v2.05/avr/bin/../lib/gcc/avr/5.4.0/avrxmega3/short-calls\libgcc.a(_udivmodsi4.o)
 .text.libgcc   0x00000000        0x0 c:/program files (x86)/microchip/xc8/v2.05/avr/bin/../lib/gcc/avr/5.4.0/avrxmega3/short-calls\libgcc.a(_udivmodsi4.o)
 .text.libgcc.prologue
                0x00000000        0x0 c:/program files (x86)/microchip/xc8/v2.05/avr/bin/../lib/gcc/avr/5.4.0/avrxmega3/short-calls\libgcc.a(_udivmodsi4.o)
 .text.libgcc.builtins
                0x00000000        0x0 c:/program files (x86)/microchip/xc8/v2.05/avr/bin/../lib/gcc/avr/5.4.0/avrxmega3/short-calls\libgcc.a(_udivmodsi4.o)
 .text.libgcc.fmul
                0x00000000        0x0 c:/program files (x86)/microchip/xc8/v2.05/avr/bin/../lib/gcc/avr/5.4.0/avrxmega3/short-calls\libgcc.a(_udivmodsi4.o)
 .text.libgcc.fixed
                0x00000000        0x0 c:/program files (x86)/microchip/xc8/v2.05/avr/bin/../lib/gcc/avr/5.4.0/avrxmega3/short-calls\libgcc.a(_udivmodsi4.o)
 .text          0x00000000        0x0 c:/program files (x86)/microchip/xc8/v2.05/avr/bin/../lib/gcc/avr/5.4.0/avrxmega3/short-calls\libgcc.a(_exit.o)
 .data          0x00000000        0x0 c:/program files (x86)/microchip/xc8/v2.05/avr/bin/../lib/gcc/avr/5.4.0/avrxmega3/short-calls\libgcc.a(_exit.o)
 .bss           0x00000000        0x0 c:/program files (x86)/microchip/xc8/v2.05/avr/bin/../lib/gcc/avr/5.4.0/avrxmega3/short-calls\libgcc.a(_exit.o)
 .text.libgcc.mul
                0x00000000        0x0 c:/program files (x86)/microchip/xc8/v2.05/avr/bin/../lib/gcc/avr/5.4.0/avrxmega3/short-calls\libgcc.a(_exit.o)
 .text.libgcc.div
                0x00000000        0x0 c:/program files (x86)/microchip/xc8/v2.05/avr/bin/../lib/gcc/avr/5.4.0/avrxmega3/short-calls\libgcc.a(_exit.o)
 .text.libgcc   0x00000000        0x0 c:/program files (x86)/microchip/xc8/v2.05/avr/bin/../lib/gcc/avr/5.4.0/avrxmega3/short-calls\libgcc.a(_exit.o)
 .text.libgcc.prologue
                0x00000000        0x0 c:/program files (x86)/microchip/xc8/v2.05/avr/bin/../lib/gcc/avr/5.4.0/avrxmega3/short-calls\libgcc.a(_exit.o)
 .text.libgcc.builtins
                0x00000000        0x0 c:/program files (x86)/microchip/xc8/v2.05/avr/bin/../lib/gcc/avr/5.4.0/avrxmega3/short-calls\libgcc.a(_exit.o)
 .text.libgcc.fmul
                0x00000000        0x0 c:/program files (x86)/microchip/xc8/v2.05/avr/bin/../lib/gcc/avr/5.4.0/avrxmega3/short-calls\libgcc.a(_exit.o)
 .text.libgcc.fixed
                0x00000000        0x0 c:/program files (x86)/microchip/xc8/v2.05/avr/bin/../lib/gcc/avr/5.4.0/avrxmega3/short-calls\libgcc.a(_exit.o)
 .text          0x00000000        0x0 c:/program files (x86)/microchip/xc8/v2.05/avr/bin/../lib/gcc/avr/5.4.0/avrxmega3/short-calls\libgcc.a(_copy_data.o)
 .data          0x00000000        0x0 c:/program files (x86)/microchip/xc8/v2.05/avr/bin/../lib/gcc/avr/5.4.0/avrxmega3/short-calls\libgcc.a(_copy_data.o)
 .bss           0x00000000        0x0 c:/program files (x86)/microchip/xc8/v2.05/avr/bin/../lib/gcc/avr/5.4.0/avrxmega3/short-calls\libgcc.a(_copy_data.o)
 .text.libgcc.mul
                0x00000000        0x0 c:/program files (x86)/microchip/xc8/v2.05/avr/bin/../lib/gcc/avr/5.4.0/avrxmega3/short-calls\libgcc.a(_copy_data.o)
 .text.libgcc.div
                0x00000000        0x0 c:/program files (x86)/microchip/xc8/v2.05/avr/bin/../lib/gcc/avr/5.4.0/avrxmega3/short-calls\libgcc.a(_copy_data.o)
 .text.libgcc   0x00000000        0x0 c:/program files (x86)/microchip/xc8/v2.05/avr/bin/../lib/gcc/avr/5.4.0/avrxmega3/short-calls\libgcc.a(_copy_data.o)
 .text.libgcc.prologue
                0x00000000        0x0 c:/program files (x86)/microchip/xc8/v2.05/avr/bin/../lib/gcc/avr/5.4.0/avrxmega3/short-calls\libgcc.a(_copy_data.o)
 .text.libgcc.builtins
                0x00000000        0x0 c:/program files (x86)/microchip/xc8/v2.05/avr/bin/../lib/gcc/avr/5.4.0/avrxmega3/short-calls\libgcc.a(_copy_data.o)
 .text.libgcc.fmul
                0x00000000        0x0 c:/program files (x86)/microchip/xc8/v2.05/avr/bin/../lib/gcc/avr/5.4.0/avrxmega3/short-calls\libgcc.a(_copy_data.o)
 .text.libgcc.fixed
                0x00000000        0x0 c:/program files (x86)/microchip/xc8/v2.05/avr/bin/../lib/gcc/avr/5.4.0/avrxmega3/short-calls\libgcc.a(_copy_data.o)

Memory Configuration

Name             Origin             Length             Attributes
text             0x00000000         0x00001000         xr
data             0x00803f00         0x00000100         rw !x
eeprom           0x00810000         0x00000080         rw !x
fuse             0x00820000         0x00000009         rw !x
lock             0x00830000         0x00000400         rw !x
signature        0x00840000         0x00000400         rw !x
user_signatures  0x00850000         0x00000400         rw !x
*default*        0x00000000         0xffffffff

Linker script and memory map

Address of section .data set to 0x803f00
                0x00008000                __RODATA_PM_OFFSET__ = 0x8000
LOAD C:/Program Files (x86)/Microchip/xc8/v2.05/dfp/gcc/dev/attiny412/avrxmega3/short-calls/crtattiny412.o
                0x00000001                __MPLAB_BUILD = 0x1
LOAD build/default/production/main.o
START GROUP
LOAD c:/program files (x86)/microchip/xc8/v2.05/avr/bin/../lib/gcc/avr/5.4.0/../../../../avr/lib/avrxmega3/short-calls\libm.a
END GROUP
START GROUP
LOAD c:/program files (x86)/microchip/xc8/v2.05/avr/bin/../lib/gcc/avr/5.4.0/avrxmega3/short-calls\libgcc.a
LOAD c:/program files (x86)/microchip/xc8/v2.05/avr/bin/../lib/gcc/avr/5.4.0/../../../../avr/lib/avrxmega3/short-calls\libm.a
LOAD c:/program files (x86)/microchip/xc8/v2.05/avr/bin/../lib/gcc/avr/5.4.0/../../../../avr/lib/avrxmega3/short-calls\libc.a
LOAD C:/Program Files (x86)/Microchip/xc8/v2.05/dfp/gcc/dev/attiny412/avrxmega3/short-calls\libattiny412.a
END GROUP
                [0x00000000]                __TEXT_REGION_ORIGIN__ = DEFINED (__TEXT_REGION_ORIGIN__)?__TEXT_REGION_ORIGIN__:0x0
                [0x00803f00]                __DATA_REGION_ORIGIN__ = DEFINED (__DATA_REGION_ORIGIN__)?__DATA_REGION_ORIGIN__:0x802000
                [0x00001000]                __TEXT_REGION_LENGTH__ = DEFINED (__TEXT_REGION_LENGTH__)?__TEXT_REGION_LENGTH__:0x100000
                [0x00000100]                __DATA_REGION_LENGTH__ = DEFINED (__DATA_REGION_LENGTH__)?__DATA_REGION_LENGTH__:0xffa0
                [0x00000080]                __EEPROM_REGION_LENGTH__ = DEFINED (__EEPROM_REGION_LENGTH__)?__EEPROM_REGION_LENGTH__:0x10000
                [0x00000009]                __FUSE_REGION_LENGTH__ = DEFINED (__FUSE_REGION_LENGTH__)?__FUSE_REGION_LENGTH__:0x400
                0x00000400                __LOCK_REGION_LENGTH__ = DEFINED (__LOCK_REGION_LENGTH__)?__LOCK_REGION_LENGTH__:0x400
                0x00000400                __SIGNATURE_REGION_LENGTH__ = DEFINED (__SIGNATURE_REGION_LENGTH__)?__SIGNATURE_REGION_LENGTH__:0x400
                0x00000400                __USER_SIGNATURE_REGION_LENGTH__ = DEFINED (__USER_SIGNATURE_REGION_LENGTH__)?__USER_SIGNATURE_REGION_LENGTH__:0x400
                0x00008000                __RODATA_PM_OFFSET__ = DEFINED (__RODATA_PM_OFFSET__)?__RODATA_PM_OFFSET__:0x8000

.hash
 *(.hash)

.dynsym
 *(.dynsym)

.dynstr
 *(.dynstr)

.gnu.version
 *(.gnu.version)

.gnu.version_d
 *(.gnu.version_d)

.gnu.version_r
 *(.gnu.version_r)

.rel.init
 *(.rel.init)

.rela.init
 *(.rela.init)

.rel.text
 *(.rel.text)
 *(.rel.text.*)
 *(.rel.gnu.linkonce.t*)

.rela.text
 *(.rela.text)
 *(.rela.text.*)
 *(.rela.gnu.linkonce.t*)

.rel.fini
 *(.rel.fini)

.rela.fini
 *(.rela.fini)

.rel.rodata
 *(.rel.rodata)
 *(.rel.rodata.*)
 *(.rel.gnu.linkonce.r*)

.rela.rodata
 *(.rela.rodata)
 *(.rela.rodata.*)
 *(.rela.gnu.linkonce.r*)

.rel.data
 *(.rel.data)
 *(.rel.data.*)
 *(.rel.gnu.linkonce.d*)

.rela.data
 *(.rela.data)
 *(.rela.data.*)
 *(.rela.gnu.linkonce.d*)

.rel.ctors
 *(.rel.ctors)

.rela.ctors
 *(.rela.ctors)

.rel.dtors
 *(.rel.dtors)

.rela.dtors
 *(.rela.dtors)

.rel.got
 *(.rel.got)

.rela.got
 *(.rela.got)

.rel.bss
 *(.rel.bss)

.rela.bss
 *(.rela.bss)

.rel.plt
 *(.rel.plt)

.rela.plt
 *(.rela.plt)

.text           0x00000000       0xa8
 *(.vectors)
 .vectors       0x00000000       0x34 C:/Program Files (x86)/Microchip/xc8/v2.05/dfp/gcc/dev/attiny412/avrxmega3/short-calls/crtattiny412.o
                0x00000000                __vector_default
                0x00000000                __vectors
 *(.vectors)
 *(.progmem.gcc*)
 *(.dinit)
 .dinit         0x00000034       0x23 data_init
                0x00000058                . = ALIGN (0x2)
 *fill*         0x00000057        0x1 
                0x00000058                __trampolines_start = .
 *(.trampolines)
 .trampolines   0x00000058        0x0 linker stubs
 *(.trampolines*)
                0x00000058                __trampolines_end = .
 *libprintf_flt.a:*(.progmem.data)
 *libc.a:*(.progmem.data)
                0x00000058                . = ALIGN (0x2)
 *(.jumptables)
 *(.jumptables*)
 *(.lowtext)
 *(.lowtext*)
                0x00000058                __ctors_start = .
 *(.ctors)
                0x00000058                __ctors_end = .
                0x00000058                __dtors_start = .
 *(.dtors)
                0x00000058                __dtors_end = .
 SORT(*)(.ctors)
 SORT(*)(.dtors)
 *(.init0)
 .init0         0x00000058        0x0 C:/Program Files (x86)/Microchip/xc8/v2.05/dfp/gcc/dev/attiny412/avrxmega3/short-calls/crtattiny412.o
                0x00000058                __init
 *(.init0)
 *(.init1)
 *(.init1)
 *(.init2)
 .init2         0x00000058        0xc C:/Program Files (x86)/Microchip/xc8/v2.05/dfp/gcc/dev/attiny412/avrxmega3/short-calls/crtattiny412.o
 *(.init2)
 *(.init3)
 *(.init3)
 *(.init4)
 .init4         0x00000064       0x3c c:/program files (x86)/microchip/xc8/v2.05/avr/bin/../lib/gcc/avr/5.4.0/avrxmega3/short-calls\libgcc.a(_copy_data.o)
                0x00000064                __do_copy_data
                0x00000092                __do_clear_bss
 *(.init4)
 *(.init5)
 *(.init5)
 *(.init6)
 *(.init6)
 *(.init7)
 *(.init7)
 *(.init8)
 *(.init8)
 *(.init9)
 .init9         0x000000a0        0x4 C:/Program Files (x86)/Microchip/xc8/v2.05/dfp/gcc/dev/attiny412/avrxmega3/short-calls/crtattiny412.o
 *(.init9)
                0x000000a4                . = ALIGN (0x2)
 *(.fini9)
 .fini9         0x000000a4        0x0 c:/program files (x86)/microchip/xc8/v2.05/avr/bin/../lib/gcc/avr/5.4.0/avrxmega3/short-calls\libgcc.a(_exit.o)
                0x000000a4                _exit
                0x000000a4                exit
 *(.fini9)
 *(.fini8)
 *(.fini8)
 *(.fini7)
 *(.fini7)
 *(.fini6)
 *(.fini6)
 *(.fini5)
 *(.fini5)
 *(.fini4)
 *(.fini4)
 *(.fini3)
 *(.fini3)
 *(.fini2)
 *(.fini2)
 *(.fini1)
 *(.fini1)
 *(.fini0)
 .fini0         0x000000a4        0x4 c:/program files (x86)/microchip/xc8/v2.05/avr/bin/../lib/gcc/avr/5.4.0/avrxmega3/short-calls\libgcc.a(_exit.o)
 *(.fini0)
                0x000000a8                _etext = .

.rodata
 *(.rodata)
 *(.rodata*)
 *(.gnu.linkonce.r*)

.data           0x00803f00        0x0 load address 0x000000a8
                [!provide]                PROVIDE (__data_start, .)
 *(.gnu.linkonce.d*)
                0x00803f00                . = ALIGN (0x2)
                0x00803f00                _edata = .
                [!provide]                PROVIDE (__data_end, .)

.bss            0x00803f00       0x81
                [!provide]                PROVIDE (__bss_start, .)
 *(COMMON)
 COMMON         0x00803f00       0x81 build/default/production/main.o
                0x00803f00                _division
                0x00803f02                _tracks
                0x00803f7a                _tempo
                0x00803f7e                _input1Counts
                0x00803f7f                _input0Counts
                0x00803f80                _statusFlags
                [!provide]                PROVIDE (__bss_end, .)
                0x000000a8                __data_load_start = LOADADDR (.data)
                0x000000a8                __data_load_end = (__data_load_start + SIZEOF (.data))

.noinit         0x00803f81        0x0
                [!provide]                PROVIDE (__noinit_start, .)
 *(.noinit*)
                [!provide]                PROVIDE (__noinit_end, .)
                0x00803f81                _end = .

.eeprom         0x00810000        0x0
 *(.eeprom*)
                0x00810000                __eeprom_end = .

.fuse
 *(.fuse)
 *(.lfuse)
 *(.hfuse)
 *(.efuse)

.lock
 *(.lock*)

.signature
 *(.signature*)

.user_signatures
 *(.user_signatures*)

.stab
 *(.stab)

.stabstr
 *(.stabstr)

.stab.excl
 *(.stab.excl)

.stab.exclstr
 *(.stab.exclstr)

.stab.index
 *(.stab.index)

.stab.indexstr
 *(.stab.indexstr)

.comment        0x00000000       0x2f
 *(.comment)
 .comment       0x00000000       0x2f build/default/production/main.o
                                 0x30 (size before relaxing)

.note.gnu.build-id
 *(.note.gnu.build-id)

.debug
 *(.debug)

.line
 *(.line)

.debug_srcinfo
 *(.debug_srcinfo)

.debug_sfnames
 *(.debug_sfnames)

.debug_aranges  0x00000000       0xb0
 *(.debug_aranges)
 .debug_aranges
                0x00000000       0xb0 build/default/production/main.o

.debug_pubnames
 *(.debug_pubnames)

.debug_info     0x00000000     0x3dac
 *(.debug_info .gnu.linkonce.wi.*)
 .debug_info    0x00000000     0x1410 C:/Program Files (x86)/Microchip/xc8/v2.05/dfp/gcc/dev/attiny412/avrxmega3/short-calls/crtattiny412.o
 .debug_info    0x00001410     0x299c build/default/production/main.o

.debug_abbrev   0x00000000     0x1711
 *(.debug_abbrev)
 .debug_abbrev  0x00000000     0x12fa C:/Program Files (x86)/Microchip/xc8/v2.05/dfp/gcc/dev/attiny412/avrxmega3/short-calls/crtattiny412.o
 .debug_abbrev  0x000012fa      0x417 build/default/production/main.o

.debug_line     0x00000000      0xb25
 *(.debug_line .debug_line.* .debug_line_end)
 .debug_line    0x00000000      0x136 C:/Program Files (x86)/Microchip/xc8/v2.05/dfp/gcc/dev/attiny412/avrxmega3/short-calls/crtattiny412.o
 .debug_line    0x00000136      0x9ef build/default/production/main.o

.debug_frame    0x00000000      0x294
 *(.debug_frame)
 .debug_frame   0x00000000      0x294 build/default/production/main.o

.debug_str      0x00000000      0xb3d
 *(.debug_str)
 .debug_str     0x00000000      0x89b C:/Program Files (x86)/Microchip/xc8/v2.05/dfp/gcc/dev/attiny412/avrxmega3/short-calls/crtattiny412.o
 .debug_str     0x0000089b      0x2a2 build/default/production/main.o

.debug_loc      0x00000000      0x5ac
 *(.debug_loc)
 .debug_loc     0x00000000      0x5ac build/default/production/main.o

.debug_macinfo
 *(.debug_macinfo)

.debug_weaknames
 *(.debug_weaknames)

.debug_funcnames
 *(.debug_funcnames)

.debug_typenames
 *(.debug_typenames)

.debug_varnames
 *(.debug_varnames)

.debug_pubtypes
 *(.debug_pubtypes)

.debug_ranges   0x00000000       0xb8
 *(.debug_ranges)
 .debug_ranges  0x00000000       0xb8 build/default/production/main.o

.debug_macro
 *(.debug_macro)
OUTPUT(dist/default/production/attiny412_midi_controller_spi_flash.X.production.elf elf32-avr)
LOAD linker stubs
LOAD data_init

.text           0x00000db8        0x2
 .text          0x00000db8        0x2 C:/Program Files (x86)/Microchip/xc8/v2.05/dfp/gcc/dev/attiny412/avrxmega3/short-calls/crtattiny412.o
                0x00000db8                __vector_22
                0x00000db8                __vector_1
                0x00000db8                __vector_24
                0x00000db8                __vector_12
                0x00000db8                __bad_interrupt
                0x00000db8                __vector_6
                0x00000db8                __vector_3
                0x00000db8                __vector_23
                0x00000db8                __vector_25
                0x00000db8                __vector_11
                0x00000db8                __vector_17
                0x00000db8                __vector_19
                0x00000db8                __vector_7
                0x00000db8                __vector_5
                0x00000db8                __vector_4
                0x00000db8                __vector_9
                0x00000db8                __vector_2
                0x00000db8                __vector_21
                0x00000db8                __vector_15
                0x00000db8                __vector_14
                0x00000db8                __vector_10
                0x00000db8                __vector_16
                0x00000db8                __vector_18
                0x00000db8                __vector_20

.note.gnu.avr.deviceinfo
                0x00000000       0x3c
 .note.gnu.avr.deviceinfo
                0x00000000       0x3c C:/Program Files (x86)/Microchip/xc8/v2.05/dfp/gcc/dev/attiny412/avrxmega3/short-calls/crtattiny412.o

.text.sendMidi  0x00000d90       0x10
 .text.sendMidi
                0x00000d90       0x10 build/default/production/main.o
                0x00000d90                sendMidi

.text.stopMidi  0x00000da0       0x10
 .text.stopMidi
                0x00000da0       0x10 build/default/production/main.o

.text.startMidi
                0x00000c74       0x36
 .text.startMidi
                0x00000c74       0x36 build/default/production/main.o

.text.sendSPI   0x00000d6a       0x14
 .text.sendSPI  0x00000d6a       0x14 build/default/production/main.o
                0x00000d6a                sendSPI

.text.memSendAddress
                0x00000caa       0x2c
 .text.memSendAddress
                0x00000caa       0x2c build/default/production/main.o
                0x00000caa                memSendAddress

.text.getMemStatus
                0x00000d48       0x22
 .text.getMemStatus
                0x00000d48       0x22 build/default/production/main.o
                0x00000d48                getMemStatus

.text.waitForNotBusy
                0x00000db0        0x8
 .text.waitForNotBusy
                0x00000db0        0x8 build/default/production/main.o
                0x00000db0                waitForNotBusy

.text.memReadToVariable
                0x00000b92       0x5e
 .text.memReadToVariable
                0x00000b92       0x5e build/default/production/main.o
                0x00000b92                memReadToVariable

.text.getFileCount
                0x00000d7e       0x12
 .text.getFileCount
                0x00000d7e       0x12 build/default/production/main.o
                0x00000d7e                getFileCount

.text.moveToFile
                0x00000822      0x166
 .text.moveToFile
                0x00000822      0x166 build/default/production/main.o
                0x00000822                moveToFile

.text.getTrackCount
                0x00000cfe       0x26
 .text.getTrackCount
                0x00000cfe       0x26 build/default/production/main.o
                0x00000cfe                getTrackCount

.text.getTimeDivision
                0x00000b32       0x60
 .text.getTimeDivision
                0x00000b32       0x60 build/default/production/main.o
                0x00000b32                getTimeDivision

.text.getNextEvent
                0x000004fc      0x326
 .text.getNextEvent
                0x000004fc      0x326 build/default/production/main.o
                0x000004fc                getNextEvent

.text.getMidiTracks
                0x00000988      0x138
 .text.getMidiTracks
                0x00000988      0x138 build/default/production/main.o
                0x00000988                getMidiTracks

.text.loadFile  0x00000cd6       0x28
 .text.loadFile
                0x00000cd6       0x28 build/default/production/main.o
                0x00000cd6                loadFile

.text.moveToNext
                0x00000c34       0x40
 .text.moveToNext
                0x00000c34       0x40 build/default/production/main.o

.text.main      0x000000a8      0x454
 .text.main     0x000000a8      0x454 build/default/production/main.o
                0x000000a8                main

.text.__vector_8
                0x00000d24       0x24
 .text.__vector_8
                0x00000d24       0x24 build/default/production/main.o
                0x00000d24                __vector_8

.text.__vector_13
                0x00000ac0       0x72
 .text.__vector_13
                0x00000ac0       0x72 build/default/production/main.o
                0x00000ac0                __vector_13

.bss._clockTickFlag
                0x00803f8b        0x1
 .bss._clockTickFlag
                0x00803f8b        0x1 build/default/production/main.o
                0x00803f8b                _clockTickFlag

.bss._activeTracks
                0x00803f8c        0x1
 .bss._activeTracks
                0x00803f8c        0x1 build/default/production/main.o
                0x00803f8c                _activeTracks

.bss._tractCount
                0x00803f85        0x2
 .bss._tractCount
                0x00803f85        0x2 build/default/production/main.o
                0x00803f85                _tractCount

.bss._fileAddressOffset
                0x00803f81        0x4
 .bss._fileAddressOffset
                0x00803f81        0x4 build/default/production/main.o
                0x00803f81                _fileAddressOffset

.bss._fileIndex
                0x00803f87        0x2
 .bss._fileIndex
                0x00803f87        0x2 build/default/production/main.o
                0x00803f87                _fileIndex

.bss._fileCount
                0x00803f89        0x2
 .bss._fileCount
                0x00803f89        0x2 build/default/production/main.o
                0x00803f89                _fileCount

.text.libgcc.div
                0x00000bf0       0x44
 .text.libgcc.div
                0x00000bf0       0x44 c:/program files (x86)/microchip/xc8/v2.05/avr/bin/../lib/gcc/avr/5.4.0/avrxmega3/short-calls\libgcc.a(_udivmodsi4.o)
                0x00000bf0                __udivmodsi4
